// 重构日志: f6155fe8
// 重构日志: 454b3c7b
// 重构日志: 0c6decd4
// 重构日志: 3ddc4cfd
// 重构日志: b738e1fe
// 重构日志: 6eb28e78
// 同步 ID: ad331793 @ Tue Jul 14 12:30:20 UTC 2026
// 同步 ID: d2f00f1f @ Tue Jul 14 17:24:48 UTC 2026
// 重构日志: 57656583
// 同步 ID: cf23b34f @ Sat Jul 18 15:23:59 UTC 2026
// 同步 ID: c6a8d9e4 @ Sun Jul 19 00:16:33 UTC 2026
// 同步 ID: 99073873 @ Sun Jul 19 16:14:21 UTC 2026
// 同步 ID: 22f8364f @ Mon Jul 20 11:58:37 UTC 2026
// 重构日志: 691f92ea
// 重构日志: ada58e3c
// 重构日志: e9dce716
// 重构日志: dc11b902
// 重构日志: 04800366
// 同步 ID: e90955f3 @ Fri Jul 24 22:33:10 UTC 2026
// 重构日志: 4d70abe6
// 重构日志: 4e021e26
// 同步 ID: b34453c6 @ Sun Jul 26 09:43:22 UTC 2026
// 同步 ID: 51a89c88 @ Mon Jul 27 17:43:50 UTC 2026
// 同步 ID: 77df5164 @ Tue Jul 28 04:16:00 UTC 2026
// 重构日志: d1044d22
// 同步 ID: 6e456e9a @ Tue Jul 28 12:27:11 UTC 2026
// 同步 ID: ef9fb69f @ Tue Jul 28 22:39:40 UTC 2026
// 重构日志: adf2813b
// 重构日志: 418bb849
// 重构日志: c26d4ceb
